[4552728248643666] Logger started
[4552728248644166] This is a test message
[4552728248644375] Testing 123
[4552728453699750] Message 0
[4552728453700208] Message 1
[4552728453700458] Message 2
[4552728453700666] Message 3
[4552728453700833] Message 4
[4552728453701000] Message 5
[4552728453701125] Message 6
[4552728453713833] Message 7
[4552728453714083] Message 8
[4552728453714250] Message 9
[4552728453714541] Message 10
[4552728453714750] Message 11
[4552728453714916] Message 12
[4552728453715041] Message 13
[4552728453715208] Message 14
[4552728453715333] Message 15
[4552728453715458] Message 16
[4552728453715583] Message 17
[4552728453715750] Message 18
[4552728453715875] Message 19
[4552728453716000] Message 20
[4552728453716166] Message 21
[4552728453716291] Message 22
[4552728453716416] Message 23
[4552728453716583] Message 24
[4552728453716750] Message 25
[4552728453716875] Message 26
[4552728453717000] Message 27
[4552728453717166] Message 28
[4552728453717291] Message 29
[4552728453717416] Message 30
[4552728453717583] Message 31
[4552728453717708] Message 32
[4552728453717833] Message 33
[4552728453717958] Message 34
[4552728453718125] Message 35
[4552728453718250] Message 36
[4552728453718375] Message 37
[4552728453721916] Message 38
[4552728453722125] Message 39
[4552728453722291] Message 40
[4552728453722416] Message 41
[4552728453722541] Message 42
[4552728453722708] Message 43
[4552728453722833] Message 44
[4552728453722958] Message 45
[4552728453723125] Message 46
[4552728453723250] Message 47
[4552728453723375] Message 48
[4552728453723500] Message 49
[4552728453723666] Message 50
[4552728453723791] Message 51
[4552728453723916] Message 52
[4552728453724083] Message 53
[4552728453724208] Message 54
[4552728453724333] Message 55
[4552728453724500] Message 56
[4552728453724625] Message 57
[4552728453724750] Message 58
[4552728453724875] Message 59
[4552728453725041] Message 60
[4552728453725166] Message 61
[4552728453725291] Message 62
[4552728453725458] Message 63
[4552728453725583] Message 64
[4552728453725708] Message 65
[4552728453725875] Message 66
[4552728453726000] Message 67
[4552728453726125] Message 68
[4552728453729458] Message 69
[4552728453729625] Message 70
[4552728453729791] Message 71
[4552728453729916] Message 72
[4552728453730083] Message 73
[4552728453730208] Message 74
[4552728453730333] Message 75
[4552728453730458] Message 76
[4552728453730625] Message 77
[4552728453730750] Message 78
[4552728453730875] Message 79
[4552728453731041] Message 80
[4552728453731166] Message 81
[4552728453731291] Message 82
[4552728453731416] Message 83
[4552728453731583] Message 84
[4552728453731708] Message 85
[4552728453731833] Message 86
[4552728453732000] Message 87
[4552728453732125] Message 88
[4552728453732250] Message 89
[4552728453732416] Message 90
[4552728453732541] Message 91
[4552728453732666] Message 92
[4552728453732833] Message 93
[4552728453732958] Message 94
[4552728453733083] Message 95
[4552728453733250] Message 96
[4552728453733375] Message 97
[4552728453733500] Message 98
[4552728453733625] Message 99
[4552728453733916] Message 100
[4552728453737333] Message 101
[4552728453737541] Message 102
[4552728453737750] Message 103
[4552728453737916] Message 104
[4552728453738083] Message 105
[4552728453738208] Message 106
[4552728453738375] Message 107
[4552728453738500] Message 108
[4552728453738666] Message 109
[4552728453738791] Message 110
[4552728453738958] Message 111
[4552728453739083] Message 112
[4552728453739250] Message 113
[4552728453739375] Message 114
[4552728453739500] Message 115
[4552728453739666] Message 116
[4552728453739791] Message 117
[4552728453739958] Message 118
[4552728453740083] Message 119
[4552728453740250] Message 120
[4552728453740375] Message 121
[4552728453740500] Message 122
[4552728453740666] Message 123
[4552728453740791] Message 124
[4552728453740958] Message 125
[4552728453741083] Message 126
[4552728453741250] Message 127
[4552728453741375] Message 128
[4552728453741541] Message 129
[4552728453741666] Message 130
[4552728453741833] Message 131
[4552728453745125] Message 132
[4552728453745333] Message 133
[4552728453745458] Message 134
[4552728453745625] Message 135
[4552728453745750] Message 136
[4552728453745875] Message 137
[4552728453746041] Message 138
[4552728453746166] Message 139
[4552728453746291] Message 140
[4552728453746458] Message 141
[4552728453746583] Message 142
[4552728453746708] Message 143
[4552728453746875] Message 144
[4552728453747000] Message 145
[4552728453747166] Message 146
[4552728453747291] Message 147
[4552728453747416] Message 148
[4552728453747583] Message 149
[4552728453747708] Message 150
[4552728453747833] Message 151
[4552728453748000] Message 152
[4552728453748125] Message 153
[4552728453748250] Message 154
[4552728453748416] Message 155
[4552728453748541] Message 156
[4552728453748666] Message 157
[4552728453748833] Message 158
[4552728453748958] Message 159
[4552728453749125] Message 160
[4552728453749250] Message 161
[4552728453749375] Message 162
[4552728453752458] Message 163
[4552728453752625] Message 164
[4552728453752750] Message 165
[4552728453752916] Message 166
[4552728453753041] Message 167
[4552728453753166] Message 168
[4552728453753333] Message 169
[4552728453753458] Message 170
[4552728453753625] Message 171
[4552728453753750] Message 172
[4552728453753916] Message 173
[4552728453754041] Message 174
[4552728453754166] Message 175
[4552728453754333] Message 176
[4552728453754458] Message 177
[4552728453754625] Message 178
[4552728453754750] Message 179
[4552728453754916] Message 180
[4552728453755041] Message 181
[4552728453755166] Message 182
[4552728453755333] Message 183
[4552728453755458] Message 184
[4552728453755625] Message 185
[4552728453755750] Message 186
[4552728453755875] Message 187
[4552728453756041] Message 188
[4552728453756166] Message 189
[4552728453756333] Message 190
[4552728453756458] Message 191
[4552728453756583] Message 192
[4552728453756750] Message 193
[4552728453762875] Message 194
[4552728453763000] Message 195
[4552728453763166] Message 196
[4552728453763291] Message 197
[4552728453763416] Message 198
[4552728453763583] Message 199
[4552728453763708] Message 200
[4552728453763833] Message 201
[4552728453764000] Message 202
[4552728453764125] Message 203
[4552728453764291] Message 204
[4552728453764416] Message 205
[4552728453764541] Message 206
[4552728453764708] Message 207
[4552728453764833] Message 208
[4552728453764958] Message 209
[4552728453765125] Message 210
[4552728453765250] Message 211
[4552728453765375] Message 212
[4552728453765541] Message 213
[4552728453765666] Message 214
[4552728453765791] Message 215
[4552728453765958] Message 216
[4552728453766083] Message 217
[4552728453766250] Message 218
[4552728453766375] Message 219
[4552728453766500] Message 220
[4552728453766666] Message 221
[4552728453766791] Message 222
[4552728453766916] Message 223
[4552728453767083] Message 224
[4552728453770416] Message 225
[4552728453770583] Message 226
[4552728453770750] Message 227
[4552728453770875] Message 228
[4552728453771000] Message 229
[4552728453771166] Message 230
[4552728453771291] Message 231
[4552728453771416] Message 232
[4552728453771583] Message 233
[4552728453771708] Message 234
[4552728453771833] Message 235
[4552728453772000] Message 236
[4552728453772125] Message 237
[4552728453772291] Message 238
[4552728453772416] Message 239
[4552728453772541] Message 240
[4552728453772708] Message 241
[4552728453772833] Message 242
[4552728453772958] Message 243
[4552728453773125] Message 244
[4552728453773291] Message 245
[4552728453773458] Message 246
[4552728453773583] Message 247
[4552728453773708] Message 248
[4552728453773875] Message 249
[4552728453774000] Message 250
[4552728453774125] Message 251
[4552728453774291] Message 252
[4552728453774416] Message 253
[4552728453774583] Message 254
[4552728453774708] Message 255
[4552728453780625] Message 256
[4552728453780791] Message 257
[4552728453780958] Message 258
[4552728453781083] Message 259
[4552728453781250] Message 260
[4552728453781375] Message 261
[4552728453781500] Message 262
[4552728453781625] Message 263
[4552728453781791] Message 264
[4552728453781916] Message 265
[4552728453782083] Message 266
[4552728453782208] Message 267
[4552728453782333] Message 268
[4552728453782500] Message 269
[4552728453782625] Message 270
[4552728453782750] Message 271
[4552728453782916] Message 272
[4552728453783041] Message 273
[4552728453783166] Message 274
[4552728453783333] Message 275
[4552728453783458] Message 276
[4552728453783583] Message 277
[4552728453783750] Message 278
[4552728453783875] Message 279
[4552728453784000] Message 280
[4552728453784166] Message 281
[4552728453784291] Message 282
[4552728453784416] Message 283
[4552728453784583] Message 284
[4552728453784708] Message 285
[4552728453784875] Message 286
[4552728453788375] Message 287
[4552728453788583] Message 288
[4552728453788791] Message 289
[4552728453788916] Message 290
[4552728453789083] Message 291
[4552728453789208] Message 292
[4552728453789375] Message 293
[4552728453789500] Message 294
[4552728453789625] Message 295
[4552728453789791] Message 296
[4552728453789916] Message 297
[4552728453790041] Message 298
[4552728453790208] Message 299
[4552728453790333] Message 300
[4552728453790458] Message 301
[4552728453790625] Message 302
[4552728453790750] Message 303
[4552728453790875] Message 304
[4552728453791041] Message 305
[4552728453791166] Message 306
[4552728453791333] Message 307
[4552728453791458] Message 308
[4552728453791625] Message 309
[4552728453791750] Message 310
[4552728453791875] Message 311
[4552728453792041] Message 312
[4552728453792166] Message 313
[4552728453792291] Message 314
[4552728453792458] Message 315
[4552728453792583] Message 316
[4552728453792708] Message 317
[4552728453796375] Message 318
[4552728453796541] Message 319
[4552728453796666] Message 320
[4552728453796833] Message 321
[4552728453796958] Message 322
[4552728453797083] Message 323
[4552728453797250] Message 324
[4552728453797375] Message 325
[4552728453797541] Message 326
[4552728453797666] Message 327
[4552728453797791] Message 328
[4552728453797958] Message 329
[4552728453798083] Message 330
[4552728453798208] Message 331
[4552728453798375] Message 332
[4552728453798500] Message 333
[4552728453798666] Message 334
[4552728453798791] Message 335
[4552728453798916] Message 336
[4552728453799083] Message 337
[4552728453799208] Message 338
[4552728453799333] Message 339
[4552728453799500] Message 340
[4552728453799625] Message 341
[4552728453799791] Message 342
[4552728453799916] Message 343
[4552728453800041] Message 344
[4552728453800166] Message 345
[4552728453800333] Message 346
[4552728453800458] Message 347
[4552728453800625] Message 348
[4552728453804250] Message 349
[4552728453804416] Message 350
[4552728453804541] Message 351
[4552728453804708] Message 352
[4552728453804833] Message 353
[4552728453804958] Message 354
[4552728453805125] Message 355
[4552728453805250] Message 356
[4552728453805375] Message 357
[4552728453805541] Message 358
[4552728453805666] Message 359
[4552728453805833] Message 360
[4552728453805958] Message 361
[4552728453806125] Message 362
[4552728453806250] Message 363
[4552728453806375] Message 364
[4552728453806541] Message 365
[4552728453806666] Message 366
[4552728453806833] Message 367
[4552728453806958] Message 368
[4552728453807083] Message 369
[4552728453807250] Message 370
[4552728453807375] Message 371
[4552728453807541] Message 372
[4552728453807666] Message 373
[4552728453807833] Message 374
[4552728453807958] Message 375
[4552728453808083] Message 376
[4552728453808250] Message 377
[4552728453808375] Message 378
[4552728453808500] Message 379
[4552728453811666] Message 380
[4552728453811833] Message 381
[4552728453812000] Message 382
[4552728453812125] Message 383
[4552728453812250] Message 384
[4552728453812416] Message 385
[4552728453812541] Message 386
[4552728453812666] Message 387
[4552728453812833] Message 388
[4552728453812958] Message 389
[4552728453813125] Message 390
[4552728453813250] Message 391
[4552728453813375] Message 392
[4552728453813541] Message 393
[4552728453813666] Message 394
[4552728453813833] Message 395
[4552728453813958] Message 396
[4552728453814083] Message 397
[4552728453814250] Message 398
[4552728453814375] Message 399
[4552728453814541] Message 400
[4552728453814666] Message 401
[4552728453814791] Message 402
[4552728453814958] Message 403
[4552728453815083] Message 404
[4552728453815250] Message 405
[4552728453815375] Message 406
[4552728453815500] Message 407
[4552728453815666] Message 408
[4552728453815791] Message 409
[4552728453815958] Message 410
[4552728453819166] Message 411
[4552728453819333] Message 412
[4552728453819458] Message 413
[4552728453819583] Message 414
[4552728453819750] Message 415
[4552728453819875] Message 416
[4552728453820041] Message 417
[4552728453820166] Message 418
[4552728453820291] Message 419
[4552728453820458] Message 420
[4552728453820583] Message 421
[4552728453820708] Message 422
[4552728453820875] Message 423
[4552728453821000] Message 424
[4552728453821125] Message 425
[4552728453821291] Message 426
[4552728453821416] Message 427
[4552728453821541] Message 428
[4552728453821708] Message 429
[4552728453821833] Message 430
[4552728453821958] Message 431
[4552728453822125] Message 432
[4552728453822250] Message 433
[4552728453822416] Message 434
[4552728453822541] Message 435
[4552728453822666] Message 436
[4552728453822833] Message 437
[4552728453822958] Message 438
[4552728453823083] Message 439
[4552728453823250] Message 440
[4552728453823375] Message 441
[4552728453826625] Message 442
[4552728453826791] Message 443
[4552728453826916] Message 444
[4552728453827083] Message 445
[4552728453827208] Message 446
[4552728453827333] Message 447
[4552728453827500] Message 448
[4552728453827625] Message 449
[4552728453827750] Message 450
[4552728453827916] Message 451
[4552728453828041] Message 452
[4552728453828166] Message 453
[4552728453828333] Message 454
[4552728453828458] Message 455
[4552728453828583] Message 456
[4552728453828750] Message 457
[4552728453828875] Message 458
[4552728453829000] Message 459
[4552728453829166] Message 460
[4552728453829291] Message 461
[4552728453829458] Message 462
[4552728453829583] Message 463
[4552728453829708] Message 464
[4552728453829875] Message 465
[4552728453830000] Message 466
[4552728453830166] Message 467
[4552728453830291] Message 468
[4552728453830416] Message 469
[4552728453830583] Message 470
[4552728453830708] Message 471
[4552728453830833] Message 472
[4552728453834041] Message 473
[4552728453834208] Message 474
[4552728453834375] Message 475
[4552728453834541] Message 476
[4552728453834666] Message 477
[4552728453834791] Message 478
[4552728453834958] Message 479
[4552728453835083] Message 480
[4552728453835208] Message 481
[4552728453835375] Message 482
[4552728453835500] Message 483
[4552728453835666] Message 484
[4552728453835791] Message 485
[4552728453835916] Message 486
[4552728453836083] Message 487
[4552728453836208] Message 488
[4552728453836333] Message 489
[4552728453836500] Message 490
[4552728453836625] Message 491
[4552728453836750] Message 492
[4552728453836916] Message 493
[4552728453837041] Message 494
[4552728453837166] Message 495
[4552728453837333] Message 496
[4552728453837458] Message 497
[4552728453837583] Message 498
[4552728453837750] Message 499
[4552728453837875] Message 500
[4552728453838000] Message 501
[4552728453838166] Message 502
[4552728453838291] Message 503
[4552728453841291] Message 504
[4552728453841458] Message 505
[4552728453841583] Message 506
[4552728453841750] Message 507
[4552728453841875] Message 508
[4552728453842000] Message 509
[4552728453842166] Message 510
[4552728453842291] Message 511
[4552728453842416] Message 512
[4552728453842583] Message 513
[4552728453842708] Message 514
[4552728453842833] Message 515
[4552728453843000] Message 516
[4552728453843125] Message 517
[4552728453843250] Message 518
[4552728453843416] Message 519
[4552728453843541] Message 520
[4552728453843666] Message 521
[4552728453843833] Message 522
[4552728453843958] Message 523
[4552728453844083] Message 524
[4552728453844250] Message 525
[4552728453844375] Message 526
[4552728453844541] Message 527
[4552728453844666] Message 528
[4552728453844791] Message 529
[4552728453844958] Message 530
[4552728453845083] Message 531
[4552728453845208] Message 532
[4552728453845375] Message 533
[4552728453845500] Message 534
[4552728453848541] Message 535
[4552728453848708] Message 536
[4552728453848833] Message 537
[4552728453849000] Message 538
[4552728453849125] Message 539
[4552728453849250] Message 540
[4552728453849416] Message 541
[4552728453849541] Message 542
[4552728453849666] Message 543
[4552728453849833] Message 544
[4552728453849958] Message 545
[4552728453850083] Message 546
[4552728453850250] Message 547
[4552728453850375] Message 548
[4552728453850500] Message 549
[4552728453850666] Message 550
[4552728453850791] Message 551
[4552728453850958] Message 552
[4552728453851083] Message 553
[4552728453851208] Message 554
[4552728453851375] Message 555
[4552728453851500] Message 556
[4552728453851625] Message 557
[4552728453851791] Message 558
[4552728453851916] Message 559
[4552728453852041] Message 560
[4552728453852208] Message 561
[4552728453852333] Message 562
[4552728453852500] Message 563
[4552728453852625] Message 564
[4552728453852750] Message 565
[4552728453855875] Message 566
[4552728453856083] Message 567
[4552728453856208] Message 568
[4552728453856333] Message 569
[4552728453856500] Message 570
[4552728453856625] Message 571
[4552728453856791] Message 572
[4552728453856916] Message 573
[4552728453857041] Message 574
[4552728453857208] Message 575
[4552728453857333] Message 576
[4552728453857458] Message 577
[4552728453857625] Message 578
[4552728453857750] Message 579
[4552728453857875] Message 580
[4552728453858041] Message 581
[4552728453858166] Message 582
[4552728453858291] Message 583
[4552728453858458] Message 584
[4552728453858583] Message 585
[4552728453858708] Message 586
[4552728453858875] Message 587
[4552728453859000] Message 588
[4552728453859125] Message 589
[4552728453859291] Message 590
[4552728453859416] Message 591
[4552728453859583] Message 592
[4552728453859708] Message 593
[4552728453859833] Message 594
[4552728453860000] Message 595
[4552728453860125] Message 596
[4552728453863208] Message 597
[4552728453863375] Message 598
[4552728453863500] Message 599
[4552728453863625] Message 600
[4552728453863791] Message 601
[4552728453863916] Message 602
[4552728453864041] Message 603
[4552728453864208] Message 604
[4552728453864333] Message 605
[4552728453864500] Message 606
[4552728453864625] Message 607
[4552728453864750] Message 608
[4552728453864875] Message 609
[4552728453865000] Message 610
[4552728453865125] Message 611
[4552728453865291] Message 612
[4552728453865416] Message 613
[4552728453865541] Message 614
[4552728453865708] Message 615
[4552728453865833] Message 616
[4552728453865958] Message 617
[4552728453866125] Message 618
[4552728453866250] Message 619
[4552728453866416] Message 620
[4552728453866541] Message 621
[4552728453866666] Message 622
[4552728453866833] Message 623
[4552728453866958] Message 624
[4552728453867083] Message 625
[4552728453867250] Message 626
[4552728453867375] Message 627
[4552728453870458] Message 628
[4552728453870625] Message 629
[4552728453870750] Message 630
[4552728453870875] Message 631
[4552728453871041] Message 632
[4552728453871166] Message 633
[4552728453871333] Message 634
[4552728453871458] Message 635
[4552728453871583] Message 636
[4552728453871750] Message 637
[4552728453871875] Message 638
[4552728453872000] Message 639
[4552728453872166] Message 640
[4552728453872291] Message 641
[4552728453872458] Message 642
[4552728453872583] Message 643
[4552728453872708] Message 644
[4552728453872875] Message 645
[4552728453873000] Message 646
[4552728453873125] Message 647
[4552728453873291] Message 648
[4552728453873416] Message 649
[4552728453873541] Message 650
[4552728453873708] Message 651
[4552728453873833] Message 652
[4552728453873958] Message 653
[4552728453874125] Message 654
[4552728453874250] Message 655
[4552728453874416] Message 656
[4552728453874541] Message 657
[4552728453874666] Message 658
[4552728453877958] Message 659
[4552728453878125] Message 660
[4552728453878250] Message 661
[4552728453878416] Message 662
[4552728453878541] Message 663
[4552728453878666] Message 664
[4552728453878833] Message 665
[4552728453878958] Message 666
[4552728453879083] Message 667
[4552728453879250] Message 668
[4552728453879375] Message 669
[4552728453879541] Message 670
[4552728453879666] Message 671
[4552728453879833] Message 672
[4552728453879958] Message 673
[4552728453880083] Message 674
[4552728453880250] Message 675
[4552728453880375] Message 676
[4552728453880541] Message 677
[4552728453880666] Message 678
[4552728453880791] Message 679
[4552728453880958] Message 680
[4552728453881083] Message 681
[4552728453881250] Message 682
[4552728453881375] Message 683
[4552728453881500] Message 684
[4552728453881666] Message 685
[4552728453881791] Message 686
[4552728453881916] Message 687
[4552728453882083] Message 688
[4552728453882208] Message 689
[4552728453885875] Message 690
[4552728453886041] Message 691
[4552728453886208] Message 692
[4552728453886333] Message 693
[4552728453886500] Message 694
[4552728453886625] Message 695
[4552728453886791] Message 696
[4552728453886916] Message 697
[4552728453887041] Message 698
[4552728453887208] Message 699
[4552728453887375] Message 700
[4552728453887541] Message 701
[4552728453887708] Message 702
[4552728453887875] Message 703
[4552728453888083] Message 704
[4552728453888250] Message 705
[4552728453888416] Message 706
[4552728453888583] Message 707
[4552728453888750] Message 708
[4552728453888916] Message 709
[4552728453889083] Message 710
[4552728453889208] Message 711
[4552728453889416] Message 712
[4552728453889583] Message 713
[4552728453889750] Message 714
[4552728453889916] Message 715
[4552728453890083] Message 716
[4552728453890250] Message 717
[4552728453890458] Message 718
[4552728453890625] Message 719
[4552728453890791] Message 720
[4552728453894291] Message 721
[4552728453894458] Message 722
[4552728453894625] Message 723
[4552728453894750] Message 724
[4552728453894875] Message 725
[4552728453895041] Message 726
[4552728453895166] Message 727
[4552728453895291] Message 728
[4552728453895458] Message 729
[4552728453895583] Message 730
[4552728453895708] Message 731
[4552728453895875] Message 732
[4552728453896000] Message 733
[4552728453896166] Message 734
[4552728453896291] Message 735
[4552728453896416] Message 736
[4552728453896541] Message 737
[4552728453896708] Message 738
[4552728453896833] Message 739
[4552728453897000] Message 740
[4552728453897125] Message 741
[4552728453897250] Message 742
[4552728453897416] Message 743
[4552728453897541] Message 744
[4552728453897708] Message 745
[4552728453897833] Message 746
[4552728453897958] Message 747
[4552728453898125] Message 748
[4552728453898250] Message 749
[4552728453898375] Message 750
[4552728453898541] Message 751
[4552728453901583] Message 752
[4552728453901750] Message 753
[4552728453901875] Message 754
[4552728453902000] Message 755
[4552728453902166] Message 756
[4552728453902291] Message 757
[4552728453902916] Message 758
[4552728453903041] Message 759
[4552728453903208] Message 760
[4552728453903333] Message 761
[4552728453903458] Message 762
[4552728453903625] Message 763
[4552728453903750] Message 764
[4552728453903875] Message 765
[4552728453904041] Message 766
[4552728453904166] Message 767
[4552728453904291] Message 768
[4552728453904458] Message 769
[4552728453904583] Message 770
[4552728453904708] Message 771
[4552728453904875] Message 772
[4552728453905000] Message 773
[4552728453905125] Message 774
[4552728453905291] Message 775
[4552728453905416] Message 776
[4552728453905541] Message 777
[4552728453905708] Message 778
[4552728453905833] Message 779
[4552728453905958] Message 780
[4552728453906125] Message 781
[4552728453906250] Message 782
[4552728453909166] Message 783
[4552728453909333] Message 784
[4552728453909541] Message 785
[4552728453909708] Message 786
[4552728453909875] Message 787
[4552728453910083] Message 788
[4552728453910250] Message 789
[4552728453910416] Message 790
[4552728453910583] Message 791
[4552728453910750] Message 792
[4552728453910875] Message 793
[4552728453911041] Message 794
[4552728453911166] Message 795
[4552728453911333] Message 796
[4552728453911458] Message 797
[4552728453911625] Message 798
[4552728453911750] Message 799
[4552728453911916] Message 800
[4552728453912041] Message 801
[4552728453912208] Message 802
[4552728453912333] Message 803
[4552728453912458] Message 804
[4552728453912625] Message 805
[4552728453912750] Message 806
[4552728453912916] Message 807
[4552728453913041] Message 808
[4552728453913208] Message 809
[4552728453913333] Message 810
[4552728453913500] Message 811
[4552728453913625] Message 812
[4552728453913791] Message 813
[4552728453921875] Message 814
[4552728453922041] Message 815
[4552728453922208] Message 816
[4552728453922333] Message 817
[4552728453922458] Message 818
[4552728453922625] Message 819
[4552728453922750] Message 820
[4552728453922875] Message 821
[4552728453923041] Message 822
[4552728453923166] Message 823
[4552728453923333] Message 824
[4552728453923458] Message 825
[4552728453923625] Message 826
[4552728453923750] Message 827
[4552728453923875] Message 828
[4552728453924041] Message 829
[4552728453924166] Message 830
[4552728453924291] Message 831
[4552728453924458] Message 832
[4552728453924583] Message 833
[4552728453924750] Message 834
[4552728453924875] Message 835
[4552728453925000] Message 836
[4552728453925166] Message 837
[4552728453925291] Message 838
[4552728453925458] Message 839
[4552728453925583] Message 840
[4552728453925708] Message 841
[4552728453925875] Message 842
[4552728453926000] Message 843
[4552728453926125] Message 844
[4552728453929666] Message 845
[4552728453929875] Message 846
[4552728453930041] Message 847
[4552728453930166] Message 848
[4552728453930291] Message 849
[4552728453930458] Message 850
[4552728453930583] Message 851
[4552728453930750] Message 852
[4552728453930875] Message 853
[4552728453931041] Message 854
[4552728453931166] Message 855
[4552728453931333] Message 856
[4552728453931458] Message 857
[4552728453931583] Message 858
[4552728453931750] Message 859
[4552728453931916] Message 860
[4552728453932041] Message 861
[4552728453932166] Message 862
[4552728453932333] Message 863
[4552728453932458] Message 864
[4552728453932625] Message 865
[4552728453932750] Message 866
[4552728453932916] Message 867
[4552728453933041] Message 868
[4552728453933166] Message 869
[4552728453933333] Message 870
[4552728453933458] Message 871
[4552728453933625] Message 872
[4552728453933750] Message 873
[4552728453933916] Message 874
[4552728453934041] Message 875
[4552728453937541] Message 876
[4552728453937666] Message 877
[4552728453937833] Message 878
[4552728453937958] Message 879
[4552728453938125] Message 880
[4552728453938250] Message 881
[4552728453938375] Message 882
[4552728453938541] Message 883
[4552728453938666] Message 884
[4552728453938833] Message 885
[4552728453938958] Message 886
[4552728453939083] Message 887
[4552728453939250] Message 888
[4552728453939375] Message 889
[4552728453939541] Message 890
[4552728453939666] Message 891
[4552728453939791] Message 892
[4552728453939958] Message 893
[4552728453940083] Message 894
[4552728453940250] Message 895
[4552728453940375] Message 896
[4552728453940500] Message 897
[4552728453940666] Message 898
[4552728453940791] Message 899
[4552728453940958] Message 900
[4552728453941083] Message 901
[4552728453941208] Message 902
[4552728453941375] Message 903
[4552728453941500] Message 904
[4552728453941666] Message 905
[4552728453941791] Message 906
[4552728453945458] Message 907
[4552728453945666] Message 908
[4552728453945791] Message 909
[4552728453945958] Message 910
[4552728453946083] Message 911
[4552728453946250] Message 912
[4552728453946375] Message 913
[4552728453946541] Message 914
[4552728453946708] Message 915
[4552728453946916] Message 916
[4552728453947083] Message 917
[4552728453947250] Message 918
[4552728453947416] Message 919
[4552728453947625] Message 920
[4552728453947791] Message 921
[4552728453947958] Message 922
[4552728453948125] Message 923
[4552728453948291] Message 924
[4552728453948416] Message 925
[4552728453948583] Message 926
[4552728453948708] Message 927
[4552728453948875] Message 928
[4552728453949000] Message 929
[4552728453949166] Message 930
[4552728453949291] Message 931
[4552728453949416] Message 932
[4552728453949583] Message 933
[4552728453949708] Message 934
[4552728453949875] Message 935
[4552728453950000] Message 936
[4552728453950166] Message 937
[4552728453953208] Message 938
[4552728453953375] Message 939
[4552728453953541] Message 940
[4552728453953666] Message 941
[4552728453953791] Message 942
[4552728453953916] Message 943
[4552728453954083] Message 944
[4552728453954208] Message 945
[4552728453954375] Message 946
[4552728453954500] Message 947
[4552728453954625] Message 948
[4552728453954791] Message 949
[4552728453954916] Message 950
[4552728453955041] Message 951
[4552728453955208] Message 952
[4552728453955333] Message 953
[4552728453955458] Message 954
[4552728453955625] Message 955
[4552728453955750] Message 956
[4552728453955916] Message 957
[4552728453956041] Message 958
[4552728453956166] Message 959
[4552728453956333] Message 960
[4552728453956458] Message 961
[4552728453956583] Message 962
[4552728453956750] Message 963
[4552728453956875] Message 964
[4552728453957041] Message 965
[4552728453957166] Message 966
[4552728453957291] Message 967
[4552728453957458] Message 968
[4552728453957583] Message 969
[4552728453957708] Message 970
[4552728453957875] Message 971
[4552728453958000] Message 972
[4552728453958125] Message 973
[4552728453958291] Message 974
[4552728453958416] Message 975
[4552728453958583] Message 976
[4552728453958708] Message 977
[4552728453958833] Message 978
[4552728453959000] Message 979
[4552728453959125] Message 980
[4552728453959250] Message 981
[4552728453959416] Message 982
[4552728453959541] Message 983
[4552728453959666] Message 984
[4552728453959833] Message 985
[4552728453959958] Message 986
[4552728453960083] Message 987
[4552728453960250] Message 988
[4552728453960375] Message 989
[4552728453960500] Message 990
[4552728453960666] Message 991
[4552728453960791] Message 992
[4552728453960916] Message 993
[4552728453961083] Message 994
[4552728453961250] Message 995
[4552728453961416] Message 996
[4552728453961583] Message 997
[4552728453961750] Message 998
[4552728453961958] Message 999
[4552728453962208] Message 1000
[4552728453962541] Message 1001
[4552728453962750] Message 1002
[4552728453962916] Message 1003
[4552728453963083] Message 1004
[4552728453963250] Message 1005
[4552728453963375] Message 1006
[4552728453963541] Message 1007
[4552728453963708] Message 1008
[4552728453963833] Message 1009
[4552728453964000] Message 1010
[4552728453964125] Message 1011
[4552728453964291] Message 1012
[4552728453964416] Message 1013
[4552728453964583] Message 1014
[4552728453964708] Message 1015
[4552728453964875] Message 1016
[4552728453965000] Message 1017
[4552728453965125] Message 1018
[4552728453965291] Message 1019
[4552728453965458] Message 1020
[4552728453965583] Message 1021
[4552728453966000] Message 1022
